[    0.000000] Initializing cgroup subsys cpuset
[    0.000000] Initializing cgroup subsys cpu
[    0.000000] Initializing cgroup subsys cpuacct
[    0.000000] Linux version 4.4.0-178-generic (buildd@lgw01-amd64-017) (gcc version 5.4.0 20160609 (Ubuntu 5.4.0-6ubuntu1~16.04.12) ) #208-Ubuntu SMP Sun Apr 5 23:45:10 UTC 2020 (Ubuntu 4.4.0-178.208-generic 4.4.217)
[    0.000000] Command line: BOOT_IMAGE=/boot/vmlinuz-4.4.0-178-generic root=LABEL=cloudimg-rootfs ro console=tty1 console=ttyS0
[    0.000000] KERNEL supported cpus:
[    0.000000]   Intel GenuineIntel
[    0.000000]   AMD AuthenticAMD
[    0.000000]   Centaur CentaurHauls
[    0.000000] x86/fpu: xstate_offset[2]:  576, xstate_sizes[2]:  256
[    0.000000] x86/fpu: Supporting XSAVE feature 0x01: 'x87 floating point registers'
[    0.000000] x86/fpu: Supporting XSAVE feature 0x02: 'SSE registers'
[    0.000000] x86/fpu: Supporting XSAVE feature 0x04: 'AVX registers'
[    0.000000] x86/fpu: Enabled xstate features 0x7, context size is 832 bytes, using 'standard' format.
[    0.000000] e820: BIOS-provided physical RAM map:
[    0.000000] BIOS-e820: [mem 0x0000000000000000-0x000000000009fbff] usable
[    0.000000] BIOS-e820: [mem 0x000000000009fc00-0x000000000009ffff] reserved
[    0.000000] BIOS-e820: [mem 0x00000000000f0000-0x00000000000fffff] reserved
[    0.000000] BIOS-e820: [mem 0x0000000000100000-0x000000001ffeffff] usable
[    0.000000] BIOS-e820: [mem 0x000000001fff0000-0x000000001fffffff] ACPI data
[    0.000000] BIOS-e820: [mem 0x00000000fec00000-0x00000000fec00fff] reserved
[    0.000000] BIOS-e820: [mem 0x00000000fee00000-0x00000000fee00fff] reserved
[    0.000000] BIOS-e820: [mem 0x00000000fffc0000-0x00000000ffffffff] reserved
[    0.000000] NX (Execute Disable) protection: active
[    0.000000] SMBIOS 2.5 present.
[    0.000000] Hypervisor detected: KVM
[    0.000000] e820: last_pfn = 0x1fff0 max_arch_pfn = 0x400000000
[    0.000000] MTRR: Disabled
[    0.000000] x86/PAT: MTRRs disabled, skipping PAT initialization too.
[    0.000000] CPU MTRRs all blank - virtualized system.
[    0.000000] x86/PAT: Configuration [0-7]: WB  WT  UC- UC  WB  WT  UC- UC  
[    0.000000] found SMP MP-table at [mem 0x0009fff0-0x0009ffff] mapped at [ffff88000009fff0]
[    0.000000] Scanning 1 areas for low memory corruption
[    0.000000] RAMDISK: [mem 0x1e89d000-0x1f724fff]
[    0.000000] ACPI: Early table checksum verification disabled
[    0.000000] ACPI: RSDP 0x00000000000E0000 000024 (v02 VBOX  )
[    0.000000] ACPI: XSDT 0x000000001FFF0030 00003C (v01 VBOX   VBOXXSDT 00000001 ASL  00000061)
[    0.000000] ACPI: FACP 0x000000001FFF00F0 0000F4 (v04 VBOX   VBOXFACP 00000001 ASL  00000061)
[    0.000000] ACPI: DSDT 0x000000001FFF0470 0022EA (v02 VBOX   VBOXBIOS 00000002 INTL 20100528)
[    0.000000] ACPI: FACS 0x000000001FFF0200 000040
[    0.000000] ACPI: FACS 0x000000001FFF0200 000040
[    0.000000] ACPI: APIC 0x000000001FFF0240 00005C (v02 VBOX   VBOXAPIC 00000001 ASL  00000061)
[    0.000000] ACPI: SSDT 0x000000001FFF02A0 0001CC (v01 VBOX   VBOXCPUT 00000002 INTL 20100528)
[    0.000000] No NUMA configuration found
[    0.000000] Faking a node at [mem 0x0000000000000000-0x000000001ffeffff]
[    0.000000] NODE_DATA(0) allocated [mem 0x1ffeb000-0x1ffeffff]
[    0.000000] kvm-clock: Using msrs 4b564d01 and 4b564d00
[    0.000000] kvm-clock: cpu 0, msr 0:1ffe3001, primary cpu clock
[    0.000000] kvm-clock: using sched offset of 3742422669 cycles
[    0.000000] clocksource: kvm-clock: mask: 0xffffffffffffffff max_cycles: 0x1cd42e4dffb, max_idle_ns: 881590591483 ns
[    0.000000] Zone ranges:
[    0.000000]   DMA      [mem 0x0000000000001000-0x0000000000ffffff]
[    0.000000]   DMA32    [mem 0x0000000001000000-0x000000001ffeffff]
[    0.000000]   Normal   empty
[    0.000000]   Device   empty
[    0.000000] Movable zone start for each node
[    0.000000] Early memory node ranges
[    0.000000]   node   0: [mem 0x0000000000001000-0x000000000009efff]
[    0.000000]   node   0: [mem 0x0000000000100000-0x000000001ffeffff]
[    0.000000] Initmem setup node 0 [mem 0x0000000000001000-0x000000001ffeffff]
[    0.000000] ACPI: PM-Timer IO Port: 0x4008
[    0.000000] IOAPIC[0]: apic_id 2, version 32, address 0xfec00000, GSI 0-23
[    0.000000] ACPI: INT_SRC_OVR (bus 0 bus_irq 0 global_irq 2 dfl dfl)
[    0.000000] ACPI: INT_SRC_OVR (bus 0 bus_irq 9 global_irq 9 low level)
[    0.000000] Using ACPI (MADT) for SMP configuration information
[    0.000000] smpboot: Allowing 2 CPUs, 0 hotplug CPUs
[    0.000000] PM: Registered nosave memory: [mem 0x00000000-0x00000fff]
[    0.000000] PM: Registered nosave memory: [mem 0x0009f000-0x0009ffff]
[    0.000000] PM: Registered nosave memory: [mem 0x000a0000-0x000effff]
[    0.000000] PM: Registered nosave memory: [mem 0x000f0000-0x000fffff]
[    0.000000] e820: [mem 0x20000000-0xfebfffff] available for PCI devices
[    0.000000] Booting paravirtualized kernel on KVM
[    0.000000] clocksource: refined-jiffies: mask: 0xffffffff max_cycles: 0xffffffff, max_idle_ns: 7645519600211568 ns
[    0.000000] setup_percpu: NR_CPUS:512 nr_cpumask_bits:512 nr_cpu_ids:2 nr_node_ids:1
[    0.000000] PERCPU: Embedded 33 pages/cpu @ffff88001fc00000 s95448 r8192 d31528 u1048576
[    0.000000] Built 1 zonelists in Node order, mobility grouping on.  Total pages: 128888
[    0.000000] Policy zone: DMA32
[    0.000000] Kernel command line: BOOT_IMAGE=/boot/vmlinuz-4.4.0-178-generic root=LABEL=cloudimg-rootfs ro console=tty1 console=ttyS0
[    0.000000] PID hash table entries: 2048 (order: 2, 16384 bytes)
[    0.000000] Memory: 481592K/523832K available (8626K kernel code, 1336K rwdata, 4036K rodata, 1488K init, 1292K bss, 42240K reserved, 0K cma-reserved)
[    0.000000] SLUB: HWalign=64, Order=0-3, MinObjects=0, CPUs=2, Nodes=1
[    0.000000] Kernel/User page tables isolation: enabled
[    0.000000] Hierarchical RCU implementation.
[    0.000000] 	Build-time adjustment of leaf fanout to 64.
[    0.000000] 	RCU restricting CPUs from NR_CPUS=512 to nr_cpu_ids=2.
[    0.000000] RCU: Adjusting geometry for rcu_fanout_leaf=64, nr_cpu_ids=2
[    0.000000] NR_IRQS:33024 nr_irqs:440 16
[    0.000000] Console: colour VGA+ 80x25
[    0.000000] console [tty1] enabled
[    0.000000] console [ttyS0] enabled
[    0.000000] tsc: Detected 2904.000 MHz processor
[    0.149195] Calibrating delay loop (skipped) preset value.. 5808.00 BogoMIPS (lpj=11616000)
[    0.151007] pid_max: default: 32768 minimum: 301
[    0.151983] ACPI: Core revision 20150930
[    0.154488] ACPI: 2 ACPI AML tables successfully acquired and loaded
[    0.156734] Security Framework initialized
[    0.157825] Yama: becoming mindful.
[    0.160172] AppArmor: AppArmor initialized
[    0.161473] Dentry cache hash table entries: 65536 (order: 7, 524288 bytes)
[    0.163138] Inode-cache hash table entries: 32768 (order: 6, 262144 bytes)
[    0.165088] Mount-cache hash table entries: 1024 (order: 1, 8192 bytes)
[    0.166915] Mountpoint-cache hash table entries: 1024 (order: 1, 8192 bytes)
[    0.168759] Initializing cgroup subsys io
[    0.169900] Initializing cgroup subsys memory
[    0.171183] Initializing cgroup subsys devices
[    0.173095] Initializing cgroup subsys freezer
[    0.175400] Initializing cgroup subsys net_cls
[    0.176427] Initializing cgroup subsys perf_event
[    0.177502] Initializing cgroup subsys net_prio
[    0.178616] Initializing cgroup subsys hugetlb
[    0.179894] Initializing cgroup subsys pids
[    0.182140] mce: CPU supports 0 MCE banks
[    0.183495] Last level iTLB entries: 4KB 64, 2MB 8, 4MB 8
[    0.184801] Last level dTLB entries: 4KB 64, 2MB 0, 4MB 0, 1GB 4
[    0.186572] Spectre V1 : Mitigation: usercopy/swapgs barriers and __user pointer sanitization
[    0.188852] Spectre V2 : Mitigation: Full generic retpoline
[    0.190354] Spectre V2 : Spectre v2 / SpectreRSB mitigation: Filling RSB on context switch
[    0.192217] Speculative Store Bypass: Vulnerable
[    0.193468] MDS: Vulnerable: Clear CPU buffers attempted, no microcode
[    0.197304] Freeing SMP alternatives memory: 36K
[    0.203801] ftrace: allocating 32308 entries in 127 pages
[    0.263409] smpboot: APIC(0) Converting physical 0 to logical package 0
[    0.264750] smpboot: Max logical packages: 1
[    0.265940] x2apic enabled
[    0.266969] Switched APIC routing to physical x2apic.
[    0.269251] ..TIMER: vector=0x30 apic1=0 pin1=2 apic2=-1 pin2=-1
[    0.378546] smpboot: CPU0: Intel(R) Core(TM) i7-7600U CPU @ 2.80GHz (family: 0x6, model: 0x8e, stepping: 0x9)
[    0.380880] Performance Events: unsupported p6 CPU model 142 no PMU driver, software events only.
[    0.390897] KVM setup paravirtual spinlock
[    0.392336] x86: Booting SMP configuration:
[    0.393442] .... node  #0, CPUs:      #1
[    0.394381] kvm-clock: cpu 1, msr 0:1ffe3041, secondary cpu clock
[    0.396725] mce: CPU supports 0 MCE banks
[    0.399577] x86: Booted up 1 node, 2 CPUs
[    0.400685] smpboot: Total of 2 processors activated (11616.00 BogoMIPS)
[    0.411198] devtmpfs: initialized
[    0.413593] evm: security.selinux
[    0.414375] evm: security.SMACK64
[    0.415259] evm: security.SMACK64EXEC
[    0.416093] evm: security.SMACK64TRANSMUTE
[    0.416980] evm: security.SMACK64MMAP
[    0.417803] evm: security.ima
[    0.418492] evm: security.capability
[    0.419858] clocksource: jiffies: mask: 0xffffffff max_cycles: 0xffffffff, max_idle_ns: 7645041785100000 ns
[    0.421788] futex hash table entries: 512 (order: 3, 32768 bytes)
[    0.423100] pinctrl core: initialized pinctrl subsystem
[    0.424337] RTC time:  6:48:25, date: 06/18/20
[    0.425448] NET: Registered protocol family 16
[    0.440213] cpuidle: using governor ladder
[    0.451946] cpuidle: using governor menu
[    0.453098] PCCT header not found.
[    0.454272] ACPI: bus type PCI registered
[    0.455563] acpiphp: ACPI Hot Plug PCI Controller Driver version: 0.5
[    0.457386] PCI: Using configuration type 1 for base access
[    0.472160] ACPI: Added _OSI(Module Device)
[    0.473323] ACPI: Added _OSI(Processor Device)
[    0.474584] ACPI: Added _OSI(3.0 _SCP Extensions)
[    0.475557] ACPI: Added _OSI(Processor Aggregator Device)
[    0.477239] ACPI: Executed 1 blocks of module-level executable AML code
[    0.480523] ACPI: Interpreter enabled
[    0.481336] ACPI: (supports S0 S5)
[    0.482088] ACPI: Using IOAPIC for interrupt routing
[    0.483237] PCI: Using host bridge windows from ACPI; if necessary, use "pci=nocrs" and report a bug
[    0.488300] ACPI: PCI Root Bridge [PCI0] (domain 0000 [bus 00-ff])
[    0.489506] acpi PNP0A03:00: _OSC: OS supports [ASPM ClockPM Segments MSI]
[    0.491117] acpi PNP0A03:00: _OSC: not requesting OS control; OS requires [ExtendedConfig ASPM ClockPM MSI]
[    0.493600] acpi PNP0A03:00: fail to add MMCONFIG information, can't access extended PCI configuration space under this bridge.
[    0.496114] PCI host bridge to bus 0000:00
[    0.497108] pci_bus 0000:00: root bus resource [io  0x0000-0x0cf7 window]
[    0.498780] pci_bus 0000:00: root bus resource [io  0x0d00-0xffff window]
[    0.500126] pci_bus 0000:00: root bus resource [mem 0x000a0000-0x000bffff window]
[    0.501814] pci_bus 0000:00: root bus resource [mem 0x20000000-0xfdffffff window]
[    0.503472] pci_bus 0000:00: root bus resource [bus 00-ff]
[    0.506313] pci 0000:00:01.1: legacy IDE quirk: reg 0x10: [io  0x01f0-0x01f7]
[    0.507678] pci 0000:00:01.1: legacy IDE quirk: reg 0x14: [io  0x03f6]
[    0.509036] pci 0000:00:01.1: legacy IDE quirk: reg 0x18: [io  0x0170-0x0177]
[    0.510441] pci 0000:00:01.1: legacy IDE quirk: reg 0x1c: [io  0x0376]
[    0.533237] pci 0000:00:07.0: quirk: [io  0x4000-0x403f] claimed by PIIX4 ACPI
[    0.534908] pci 0000:00:07.0: quirk: [io  0x4100-0x410f] claimed by PIIX4 SMB
[    0.544812] ACPI: PCI Interrupt Link [LNKA] (IRQs 5 9 10 *11)
[    0.546656] ACPI: PCI Interrupt Link [LNKB] (IRQs 5 9 *10 11)
[    0.548337] ACPI: PCI Interrupt Link [LNKC] (IRQs 5 *9 10 11)
[    0.550042] ACPI: PCI Interrupt Link [LNKD] (IRQs 5 9 10 *11)
[    0.551737] ACPI: Enabled 2 GPEs in block 00 to 07
[    0.553326] vgaarb: setting as boot device: PCI:0000:00:02.0
[    0.554412] vgaarb: device added: PCI:0000:00:02.0,decodes=io+mem,owns=io+mem,locks=none
[    0.556116] vgaarb: loaded
[    0.556794] vgaarb: bridge control possible 0000:00:02.0
[    0.558009] SCSI subsystem initialized
[    0.558983] ACPI: bus type USB registered
[    0.559864] usbcore: registered new interface driver usbfs
[    0.560982] usbcore: registered new interface driver hub
[    0.562265] usbcore: registered new device driver usb
[    0.564827] PCI: Using ACPI for IRQ routing
[    0.565990] NetLabel: Initializing
[    0.566834] NetLabel:  domain hash size = 128
[    0.567834] NetLabel:  protocols = UNLABELED CIPSOv4
[    0.568884] NetLabel:  unlabeled traffic allowed by default
[    0.570156] amd_nb: Cannot enumerate AMD northbridges
[    0.571291] clocksource: Switched to clocksource kvm-clock
[    0.585064] AppArmor: AppArmor Filesystem Enabled
[    0.586620] pnp: PnP ACPI init
[    0.588075] pnp: PnP ACPI: found 3 devices
[    0.598415] clocksource: acpi_pm: mask: 0xffffff max_cycles: 0xffffff, max_idle_ns: 2085701024 ns
[    0.600271] NET: Registered protocol family 2
[    0.601347] TCP established hash table entries: 4096 (order: 3, 32768 bytes)
[    0.602672] TCP bind hash table entries: 4096 (order: 4, 65536 bytes)
[    0.603921] TCP: Hash tables configured (established 4096 bind 4096)
[    0.605145] UDP hash table entries: 256 (order: 1, 8192 bytes)
[    0.606297] UDP-Lite hash table entries: 256 (order: 1, 8192 bytes)
[    0.607515] NET: Registered protocol family 1
[    0.608463] pci 0000:00:00.0: Limiting direct PCI/PCI transfers
[    0.609645] pci 0000:00:01.0: Activating ISA DMA hang workarounds
[    0.618494] Unpacking initramfs...
[    0.936979] Freeing initrd memory: 14880K
[    0.938294] clocksource: tsc: mask: 0xffffffffffffffff max_cycles: 0x29dc05e54fc, max_idle_ns: 440795291716 ns
[    0.941077] platform rtc_cmos: registered platform RTC device (no PNP device found)
[    0.943199] Scanning for low memory corruption every 60 seconds
[    0.944960] audit: initializing netlink subsys (disabled)
[    0.946556] audit: type=2000 audit(1592462910.390:1): initialized
[    0.948382] Initialise system trusted keyring
[    0.949955] HugeTLB registered 2 MB page size, pre-allocated 0 pages
[    0.953051] zbud: loaded
[    0.954418] VFS: Disk quotas dquot_6.6.0
[    0.955690] VFS: Dquot-cache hash table entries: 512 (order 0, 4096 bytes)
[    0.957648] squashfs: version 4.0 (2009/01/31) Phillip Lougher
[    0.959856] fuse init (API version 7.23)
[    0.961169] Key type big_key registered
[    0.962212] Allocating IMA MOK and blacklist keyrings.
[    0.964904] Key type asymmetric registered
[    0.966188] Asymmetric key parser 'x509' registered
[    0.967775] Block layer SCSI generic (bsg) driver version 0.4 loaded (major 249)
[    0.970311] io scheduler noop registered
[    0.971216] io scheduler deadline registered (default)
[    0.972360] io scheduler cfq registered
[    0.973547] pci_hotplug: PCI Hot Plug PCI Core version: 0.5
[    0.974770] pciehp: PCI Express Hot Plug Controller Driver version: 0.4
[    0.976281] ACPI: AC Adapter [AC] (on-line)
[    0.977249] input: Power Button as /devices/LNXSYSTM:00/LNXPWRBN:00/input/input0
[    0.978849] ACPI: Power Button [PWRF]
[    0.979852] input: Sleep Button as /devices/LNXSYSTM:00/LNXSLPBN:00/input/input1
[    0.981490] ACPI: Sleep Button [SLPF]
[    0.983138] ACPI: Battery Slot [BAT0] (battery present)
[    0.984311] GHES: HEST is not enabled!
[    0.985288] Serial: 8250/16550 driver, 32 ports, IRQ sharing enabled
 !"#$%&'()*+,-./0123456789:;<=>?@ABCDEFGHIJKLMNOPQRSTUVWXYZ[\]^_`abcdefghijklmnopqrstuvwxyz{|}~ÄÅñóòôöõúùûü†°¢£§•¶ß®©™´¨≠ÆØ∞±≤≥¥µ∂∑∏π∫ªºΩæø¿¡¬√ƒ≈∆«»… ÀÃÕŒœ–—“”‘’÷◊ÏÌÓÔÒÚÛÙıˆ˜¯˘˙˚¸˝˛ˇ[    1.007789] 00:02: ttyS0 at I/O 0x3f8 (irq = 4, base_baud = 115200) is a 16550A
[    1.010226] Linux agpgart interface v0.103
[    1.012830] loop: module loaded
[    1.014338] scsi host0: ata_piix
[    1.015389] scsi host1: ata_piix
[    1.016225] ata1: PATA max UDMA/33 cmd 0x1f0 ctl 0x3f6 bmdma 0xd000 irq 14
[    1.017540] ata2: PATA max UDMA/33 cmd 0x170 ctl 0x376 bmdma 0xd008 irq 15
[    1.018930] libphy: Fixed MDIO Bus: probed
[    1.020028] tun: Universal TUN/TAP device driver, 1.6
[    1.021104] tun: (C) 1999-2004 Max Krasnyansky <maxk@qualcomm.com>
[    1.022330] PPP generic driver version 2.4.2
[    1.023313] ehci_hcd: USB 2.0 'Enhanced' Host Controller (EHCI) Driver
[    1.024663] ehci-pci: EHCI PCI platform driver
[    1.025714] ehci-platform: EHCI generic platform driver
[    1.026790] ohci_hcd: USB 1.1 'Open' Host Controller (OHCI) Driver
[    1.028115] ohci-pci: OHCI PCI platform driver
[    1.029060] ohci-platform: OHCI generic platform driver
[    1.030111] uhci_hcd: USB Universal Host Controller Interface driver
[    1.031408] i8042: PNP: PS/2 Controller [PNP0303:PS2K,PNP0f03:PS2M] at 0x60,0x64 irq 1,12
[    1.033667] serio: i8042 KBD port at 0x60,0x64 irq 1
[    1.034785] serio: i8042 AUX port at 0x60,0x64 irq 12
[    1.035914] mousedev: PS/2 mouse device common for all mice
[    1.037394] rtc_cmos rtc_cmos: rtc core: registered rtc_cmos as rtc0
[    1.038673] rtc_cmos rtc_cmos: alarms up to one day, 114 bytes nvram
[    1.039953] i2c /dev entries driver
[    1.040821] device-mapper: uevent: version 1.0.3
[    1.041803] input: AT Translated Set 2 keyboard as /devices/platform/i8042/serio0/input/input2
[    1.043804] device-mapper: ioctl: 4.34.0-ioctl (2015-10-28) initialised: dm-devel@redhat.com
[    1.045606] ledtrig-cpu: registered to indicate activity on CPUs
[    1.047627] NET: Registered protocol family 10
[    1.048802] NET: Registered protocol family 17
[    1.049770] Key type dns_resolver registered
[    1.051434] registered taskstats version 1
[    1.052330] Loading compiled-in X.509 certificates
[    1.053981] Loaded X.509 cert 'Build time autogenerated kernel key: f33c437cc9123d9712070bdfe932b55b24c56047'
[    1.055945] zswap: loaded using pool lzo/zbud
[    1.058882] Key type trusted registered
[    1.062713] Key type encrypted registered
[    1.063613] AppArmor: AppArmor sha1 policy hashing enabled
[    1.064775] ima: No TPM chip found, activating TPM-bypass!
[    1.065883] ima: Allocated hash algorithm: sha1
[    1.066851] evm: HMAC attrs: 0x1
[    1.068061]   Magic number: 8:773:822
[    1.068979] rtc_cmos rtc_cmos: setting system clock to 2020-06-18 06:48:25 UTC (1592462905)
[    1.070813] BIOS EDD facility v0.16 2004-Jun-25, 0 devices found
[    1.072008] EDD information not available.
[    1.183815] Freeing unused kernel memory: 1488K
[    1.187082] Write protecting the kernel read-only data: 14336k
[    1.191641] Freeing unused kernel memory: 1604K
[    1.195113] Freeing unused kernel memory: 60K
Loading, please wait...
starting version 229
[    1.230306] random: systemd-udevd: uninitialized urandom read (16 bytes read, 3 bits of entropy available)
[    1.231272] random: udevadm: uninitialized urandom read (16 bytes read, 3 bits of entropy available)
[    1.231314] random: udevadm: uninitialized urandom read (16 bytes read, 3 bits of entropy available)
[    1.249756] random: systemd-udevd: uninitialized urandom read (16 bytes read, 3 bits of entropy available)
[    1.251769] random: systemd-udevd: uninitialized urandom read (16 bytes read, 3 bits of entropy available)
[    1.253225] random: udevadm: uninitialized urandom read (16 bytes read, 3 bits of entropy available)
[    1.253271] random: udevadm: uninitialized urandom read (16 bytes read, 3 bits of entropy available)
[    1.253430] random: udevadm: uninitialized urandom read (16 bytes read, 3 bits of entropy available)
[    1.253487] random: udevadm: uninitialized urandom read (16 bytes read, 3 bits of entropy available)
[    1.253540] random: udevadm: uninitialized urandom read (16 bytes read, 3 bits of entropy available)
[    1.295014] e1000: Intel(R) PRO/1000 Network Driver - version 7.3.21-k8-NAPI
[    1.296493] e1000: Copyright (c) 1999-2006 Intel Corporation.
[    1.301073] Fusion MPT base driver 3.04.20
[    1.301979] Copyright (c) 1999-2008 LSI Corporation
[    1.310482] Fusion MPT SPI Host driver 3.04.20
[    1.323118] AVX2 version of gcm_enc/dec engaged.
[    1.324180] AES CTR mode by8 optimization enabled
[    1.527147] input: ImExPS/2 Generic Explorer Mouse as /devices/platform/i8042/serio1/input/input4
[    1.964742] e1000 0000:00:03.0 eth0: (PCI:33MHz:32-bit) 02:cb:9c:89:30:63
[    1.966064] e1000 0000:00:03.0 eth0: Intel(R) PRO/1000 Network Connection
[    1.968241] mptbase: ioc0: Initiating bringup
[    2.243485] ioc0: LSI53C1030 A0: Capabilities={Initiator}
[    3.006280] scsi host2: ioc0: LSI53C1030 A0, FwRev=00000000h, Ports=1, MaxQ=256, IRQ=20
[    3.862268] scsi 2:0:0:0: Direct-Access     VBOX     HARDDISK         1.0  PQ: 0 ANSI: 5
[    3.871473] scsi target2:0:0: Beginning Domain Validation
[    3.879483] scsi target2:0:0: Domain Validation skipping write tests
[    3.884789] scsi target2:0:0: Ending Domain Validation
[    3.889375] scsi target2:0:0: asynchronous
[    3.894073] scsi 2:0:1:0: Direct-Access     VBOX     HARDDISK         1.0  PQ: 0 ANSI: 5
[    3.903435] scsi target2:0:1: Beginning Domain Validation
[    3.907072] scsi target2:0:1: Domain Validation skipping write tests
[    3.909336] scsi target2:0:1: Ending Domain Validation
[    3.910841] scsi target2:0:1: asynchronous
[    3.927906] sd 2:0:0:0: Attached scsi generic sg0 type 0
[    3.928047] sd 2:0:0:0: [sda] 20971520 512-byte logical blocks: (10.7 GB/10.0 GiB)
[    3.928254] sd 2:0:0:0: [sda] Write Protect is off
[    3.928365] sd 2:0:0:0: [sda] Incomplete mode parameter data
[    3.928367] sd 2:0:0:0: [sda] Assuming drive cache: write through
[    3.950332] sd 2:0:1:0: Attached scsi generic sg1 type 0
[    3.952019] sd 2:0:1:0: [sdb] 20480 512-byte logical blocks: (10.5 MB/10.0 MiB)
[    3.953761] sd 2:0:1:0: [sdb] Write Protect is off
[    3.954879] sd 2:0:1:0: [sdb] Incomplete mode parameter data
[    3.956210] sd 2:0:1:0: [sdb] Assuming drive cache: write through
[    3.957551]  sda: sda1
[    3.958667] sd 2:0:0:0: [sda] Attached SCSI disk
[    3.966156] sd 2:0:1:0: [sdb] Attached SCSI disk
[    4.249724] e1000 0000:00:08.0 eth1: (PCI:33MHz:32-bit) 08:00:27:02:06:8d
[    4.251458] e1000 0000:00:08.0 eth1: Intel(R) PRO/1000 Network Connection
[    4.254105] e1000 0000:00:03.0 enp0s3: renamed from eth0
[    4.264290] e1000 0000:00:08.0 enp0s8: renamed from eth1
Begin: Loading essential drivers ... [    5.765790] md: linear personality registered for level -1
[    5.769275] md: multipath personality registered for level -4
[    5.772924] md: raid0 personality registered for level 0
[    5.777480] md: raid1 personality registered for level 1
[    5.847370] raid6: sse2x1   gen()  8723 MB/s
[    5.915506] raid6: sse2x1   xor()  6866 MB/s
[    5.983776] raid6: sse2x2   gen() 13477 MB/s
[    6.051348] raid6: sse2x2   xor()  8742 MB/s
[    6.119481] raid6: sse2x4   gen() 15189 MB/s
[    6.187823] raid6: sse2x4   xor() 10036 MB/s
[    6.255556] raid6: avx2x1   gen() 17970 MB/s
[    6.323466] raid6: avx2x2   gen() 22383 MB/s
[    6.391702] raid6: avx2x4   gen() 26340 MB/s
[    6.392964] raid6: using algorithm avx2x4 gen() 26340 MB/s
[    6.394516] raid6: using avx2x2 recovery algorithm
[    6.397444] xor: automatically using best checksumming function:
[    6.440010]    avx       : 25848.000 MB/sec
[    6.442710] async_tx: api initialized (async)
[    6.454675] md: raid6 personality registered for level 6
[    6.456234] md: raid5 personality registered for level 5
[    6.457753] md: raid4 personality registered for level 4
[    6.466675] md: raid10 personality registered for level 10
done.
Begin: Running /scripts/init-premount ... done.
Begin: Mounting root file system ... Begin: Running /scripts/local-top ... done.
Begin: Running /scripts/local-premount ... [    6.505866] Btrfs loaded
Scanning for Btrfs filesystems
done.
Warning: fsck not present, so skipping root file system
[    6.538911] EXT4-fs (sda1): mounted filesystem with ordered data mode. Opts: (null)
done.
Begin: Running /scripts/local-bottom ... done.
Begin: Running /scripts/init-bottom ... done.
[    6.648364] systemd[1]: systemd 229 running in system mode. (+PAM +AUDIT +SELINUX +IMA +APPARMOR +SMACK +SYSVINIT +UTMP +LIBCRYPTSETUP +GCRYPT +GNUTLS +ACL +XZ -LZ4 +SECCOMP +BLKID +ELFUTILS +KMOD -IDN)
[    6.651874] systemd[1]: Detected virtualization oracle.
[    6.653229] systemd[1]: Detected architecture x86-64.

Welcome to [1mUbuntu 16.04.6 LTS[0m!

[    6.657847] systemd[1]: Set hostname to <ubuntu>.
[    6.661266] systemd[1]: Initializing machine ID from random generator.
[    6.662931] systemd[1]: Installed transient /etc/machine-id file.
[    6.797848] systemd[1]: Reached target System Time Synchronized.
[[0;32m  OK  [0m] Reached target System Time Synchronized.
[    6.800372] systemd[1]: Reached target Swap.
[[0;32m  OK  [0m] Reached target Swap.
[    6.802488] systemd[1]: Listening on /dev/initctl Compatibility Named Pipe.
[[0;32m  OK  [0m] Listening on /dev/initctl Compatibility Named Pipe.
[    6.805673] systemd[1]: Started Forward Password Requests to Wall Directory Watch.
[[0;32m  OK  [0m] Started Forward Password Requests to Wall Directory Watch.
[    6.809959] systemd[1]: Listening on Journal Audit Socket.
[[0;32m  OK  [0m] Listening on Journal Audit Socket.
[    6.812704] systemd[1]: Listening on udev Kernel Socket.
[[0;32m  OK  [0m] Listening on udev Kernel Socket.
[    6.816047] systemd[1]: Set up automount Arbitrary Executable File Formats File System Automount Point.
[[0;32m  OK  [0m] Set up automount Arbitrary Executab...ats File System Automount Point.
[    6.821238] systemd[1]: Started Trigger resolvconf update for networkd DNS.
[[0;32m  OK  [0m] Started Trigger resolvconf update for networkd DNS.
[    6.824879] systemd[1]: Listening on Device-mapper event daemon FIFOs.
[[0;32m  OK  [0m] Listening on Device-mapper event daemon FIFOs.
[    6.828410] systemd[1]: Listening on Journal Socket.
[[0;32m  OK  [0m] Listening on Journal Socket.
[    6.831175] systemd[1]: Listening on Syslog Socket.
[[0;32m  OK  [0m] Listening on Syslog Socket.
[    6.834055] systemd[1]: Listening on LVM2 poll daemon socket.
[[0;32m  OK  [0m] Listening on LVM2 poll daemon socket.
[    6.837315] systemd[1]: Listening on Journal Socket (/dev/log).
[[0;32m  OK  [0m] Listening on Journal Socket (/dev/log).
[    6.840526] systemd[1]: Created slice User and Session Slice.
[[0;32m  OK  [0m] Created slice User and Session Slice.
[    6.843610] systemd[1]: Reached target User and Group Name Lookups.
[[0;32m  OK  [0m] Reached target User and Group Name Lookups.
[    6.846891] systemd[1]: Reached target Encrypted Volumes.
[[0;32m  OK  [0m] Reached target Encrypted Volumes.
[    6.850202] systemd[1]: Created slice System Slice.
[[0;32m  OK  [0m] Created slice System Slice.
[    6.863741] systemd[1]: Starting Nameserver information manager...
         Starting Nameserver information manager...
[    6.867422] systemd[1]: Mounting Debug File System...
         Mounting Debug File System...
[    6.870646] systemd[1]: Starting Journal Service...
         Starting Journal Service...
[    6.873471] systemd[1]: Mounting Huge Pages File System...
         Mounting Huge Pages File System...
[    6.876771] systemd[1]: Starting Create list of required static device nodes for the current kernel...
         Starting Create list of required st... nodes for the current kernel...
[    6.880590] systemd[1]: Reached target Slices.
[[0;32m  OK  [0m] Reached target Slices.
[    6.884825] systemd[1]: Starting Remount Root and Kernel File Systems...
         Starting Remount Root and Kernel File Systems...
[    6.888848] systemd[1]: Starting Uncomplicated firewall...
         Starting Uncomplicated firewall.[    6.891925] EXT4-fs (sda1): re-mounted. Opts: (null)
..
[    6.895676] systemd[1]: Starting Set console keymap...
         Starting Set console keymap...
[    6.900743] systemd[1]: Created slice system-serial\x2dgetty.slice.
[[0;32m  OK  [0m] Created slice system-serial\x2dgetty.slice.
[    6.906326] systemd[1]: Starting Load Kernel Modules...
         Starting Load Kernel Modules...
[    6.909834] systemd[1]: Listening on udev Control Socket.
[[0;32m  OK  [0m] Listening on udev Control Socket.
[    6.913576] systemd[1]: Listening on LVM2 metadata daemon socket.
[[0;32m  OK  [0m] Listening on LVM2 metadata daemon socket.
[    6.918464] systemd[1]: Starting Monitoring of LVM2 mirrors, snapshots etc. using dmeventd or progress polling...
         Starting Monitoring of LVM2 mirrors... dmeventd or progress polling...
[    6.923512] systemd[1]: Mounting POSIX Message Queue File System...
         Mounting POSIX Message Queue File System...
[    6.928336] systemd[1]: Mounted POSIX Message Queue File System.
[[0;32m  OK  [0m] Mounted POSIX Message Queue File System.
[    6.932815] systemd[1]: Mounted Debug File System.
[[0;32m  OK  [0m] Mounted Debug File System.
[    6.936034] systemd[1]: Mounted Huge Pages File System.
[[0;32m  OK  [0m] Mounted Huge Pages File System.
[    6.949598] systemd[1]: Started Journal Service.
[[0;32m  OK  [0m] Started Journal Service.
[    6.953215] Loading iSCSI transport class v2.0-870.
[    6.965833] iscsi: registered transport (tcp)
[[0;32m  OK  [0m] Started Create list of required sta...ce nodes for the current kernel.
[[0;32m  OK  [0m] Started Remount Root and Kernel File Systems.
[[0;32m  OK  [0m] Started Uncomplicated firewall.
[[0;32m  OK  [0m] Started Nameserver information manager.
[[0;32m  OK  [0m] Started LVM2 metadata daemon.
         Starting udev Coldplug all Devices...
         Starting Load/Save Random Seed...
         Starting Create Static Device Nodes in /dev...
         Starting Flush Journal to Persistent Storage...
[[0;32m  OK  [0m] Started Load/Save Random Seed.
[    7.045882] systemd-journald[374]: Received request to flush runtime journal from PID 1
[[0;32m  OK  [0m] Started Flush Journal to Persistent Storage.
[[0;32m  OK  [0m] Started Set console keymap.
[    7.077470] iscsi: registered transport (iser)
[[0;32m  OK  [0m] Started Load Kernel Modules.
[[0;32m  OK  [0m] Started Create Static Device Nodes in /dev.
         Starting udev Kernel Device Manager...
         Starting Apply Kernel Variables...
         Mounting FUSE Control File System...
[[0;32m  OK  [0m] Mounted FUSE Control File System.
[[0;32m  OK  [0m] Started Apply Kernel Variables.
[[0;32m  OK  [0m] Started udev Kernel Device Manager.
[[0;32m  OK  [0m] Started udev Coldplug all Devices.
[[0;32m  OK  [0m] Started Dispatch Password Requests to Console Directory Watch.
[[0;32m  OK  [0m] Found device /dev/ttyS0.
[[0;32m  OK  [0m] Listening on Load/Save RF Kill Switch Status /dev/rfkill Watch.
[[0;32m  OK  [0m] Started Monitoring of LVM2 mirrors,...ng dmeventd or progress polling.
[[0;32m  OK  [0m] Reached target Local File Systems (Pre).
[[0;32m  OK  [0m] Reached target Local File Systems.
         Starting LSB: AppArmor initialization...
         Starting Create Volatile Files and Directories...
         Starting Set console font and keymap...
         Starting Initial cloud-init job (pre-networking)...
         Starting Tell Plymouth To Write Out Runtime Data...
         Starting Commit a transient machine-id on disk...
[[0;32m  OK  [0m] Started Create Volatile Files and Directories.
[[0;32m  OK  [0m] Started Tell Plymouth To Write Out Runtime Data.
[[0;32m  OK  [0m] Started Commit a transient machine-id on disk.
         Starting Update UTMP about System Boot/Shutdown...
[[0;32m  OK  [0m] Started Update UTMP about System Boot/Shutdown.
[[0;32m  OK  [0m] Started Set console font and keymap.
[[0;32m  OK  [0m] Created slice system-getty.slice.
[    9.680150] cloud-init[640]: Cloud-init v. 19.4-33-gbb4131a2-0ubuntu1~16.04.1 running 'init-local' at Thu, 18 Jun 2020 06:48:33 +0000. Up 9.02 seconds.
[[0;32m  OK  [0m] Started Initial cloud-init job (pre-networking).
[[0;32m  OK  [0m] Reached target Network (Pre).
[[0;32m  OK  [0m] Started LSB: AppArmor initialization.
         Starting Raise network interfaces...
[[0;32m  OK  [0m] Started Raise network interfaces.
         Starting Initial cloud-init job (metadata service crawler)...
[[0;32m  OK  [0m] Reached target Network.
[   11.529129] cloud-init[960]: Cloud-init v. 19.4-33-gbb4131a2-0ubuntu1~16.04.1 running 'init' at Thu, 18 Jun 2020 06:48:35 +0000. Up 10.81 seconds.
[   11.530909] cloud-init[960]: ci-info: ++++++++++++++++++++++++++++++++++++++Net device info+++++++++++++++++++++++++++++++++++++++
[   11.532986] cloud-init[960]: ci-info: +--------+-------+----------------------------+---------------+--------+-------------------+
[   11.535305] cloud-init[960]: ci-info: | Device |   Up  |          Address           |      Mask     | Scope  |     Hw-Address    |
[   11.548792] cloud-init[960]: ci-info: +--------+-------+----------------------------+---------------+--------+-------------------+
[   11.551188] cloud-init[960]: ci-info: | enp0s3 |  True |         10.0.2.15          | 255.255.255.0 | global | 02:cb:9c:89:30:63 |
[   11.553972] cloud-init[960]: ci-info: | enp0s3 |  True | fe80::cb:9cff:fe89:3063/64 |       .       |  link  | 02:cb:9c:89:30:63 |
[   11.560678] cloud-init[960]: ci-info: | enp0s8 | False |             .              |       .       |   .    | 08:00:27:02:06:8d |
[   11.565817] cloud-init[960]: ci-info: |   lo   |  True |         127.0.0.1          |   255.0.0.0   |  host  |         .         |
[   11.573363] cloud-init[960]: ci-info: |   lo   |  True |          ::1/128           |       .       |  host  |         .         |
[   11.575786] cloud-init[960]: ci-info: +--------+-------+----------------------------+---------------+--------+-------------------+
[   11.578789] cloud-init[960]: ci-info: +++++++++++++++++++++++++++Route IPv4 info++++++++++++++++++++++++++++
[   11.581359] cloud-init[960]: ci-info: +-------+-------------+----------+---------------+-----------+-------+
[   11.583542] cloud-init[960]: ci-info: | Route | Destination | Gateway  |    Genmask    | Interface | Flags |
[   11.585755] cloud-init[960]: ci-info: +-------+-------------+----------+---------------+-----------+-------+
[   11.587802] cloud-init[960]: ci-info: |   0   |   0.0.0.0   | 10.0.2.2 |    0.0.0.0    |   enp0s3  |   UG  |
[   11.591536] cloud-init[960]: ci-info: |   1   |   10.0.2.0  | 0.0.0.0  | 255.255.255.0 |   enp0s3  |   U   |
[   11.594516] cloud-init[960]: ci-info: +-------+-------------+----------+---------------+-----------+-------+
[   11.597068] cloud-init[960]: ci-info: +++++++++++++++++++Route IPv6 info+++++++++++++++++++
[   11.598980] cloud-init[960]: ci-info: +-------+-------------+---------+-----------+-------+
[   11.600921] cloud-init[960]: ci-info: | Route | Destination | Gateway | Interface | Flags |
[   11.602943] cloud-init[960]: ci-info: +-------+-------------+---------+-----------+-------+
[   11.605229] cloud-init[960]: ci-info: |   0   |  fe80::/64  |    ::   |   enp0s3  |   U   |
[   11.612861] cloud-init[960]: ci-info: |   3   |   ff00::/8  |    ::   |   enp0s3  |   U   |
[   11.614958] cloud-init[960]: ci-info: +-------+-------------+---------+-----------+-------+
[   11.616830] cloud-init[960]: Generating public/private rsa key pair.
[   11.620883] cloud-init[960]: Your identification has been saved in /etc/ssh/ssh_host_rsa_key.
[   11.622724] cloud-init[960]: Your public key has been saved in /etc/ssh/ssh_host_rsa_key.pub.[[0;32m  OK  [0m] Started Initial cloud-init job (metadata service crawler).
[[0;32m  OK  [0m] Reached target Cloud-config availability.
[[0;32m  OK  [0m] Reached target Network is Online.

[   11.629186] cloud-init[960]: The key fingerprint is:
[   11.630497] cloud-init[960]: SHA256:lBKU/abCSNxOanSudAFdIlrfsBQmwEkMMhtkO+7/UJM root@ubuntu-xenial
[   11.632640] cloud-init[960]: The key's randomart image is:
[   11.633932] cloud-init[960]: +---[RSA 2048]----+
[   11.635362] cloud-init[960]: |*Boo+oO=.        |
[   11.636798] cloud-init[960]: |o+=o.*o*..       |
[   11.638322] cloud-init[960]: |.o.. o+ +.       |
[   11.639587] cloud-init         Starting iSCSI initiator daemon (iscsid)...
[[0;32m  OK  [0m] Reached target System Initialization.
[[0;32m  OK  [0m] Listening on UUID daemon activation socket.
[960]: |. . + *o  o      |
         Starting Socket activation for snappy daemon.
[   11.647548] cloud-init[960]: | . o E .So       |
[   11.649320] [[0;32m  OK  [0m] Started ACPI Events Check.
[[0;32m  OK  [0m] Reached target Paths.
cloud-init[960]:          Starting LXD - unix socket.
[[0;32m  OK  [0m] Listening on D-Bus System Message Bus Socket.
[[0;32m  OK  [0m] Listening on ACPID Listen Socket.
[[0;32m  OK  [0m] Started Message of the Day.
[[0;32m  OK  [0m] Started Daily apt download activities.
[[0;32m  OK  [0m] Started Daily apt upgrade and clean activities.
[[0;32m  OK  [0m] Started Daily Cleanup of Temporary Directories.
[[0;32m  OK  [0m] Reached target Timers.
[[0;32m  OK  [0m] Listening on Socket activation for snappy daemon.
[[0;32m  OK  [0m] Listening on LXD - unix socket.
[[0;32m  OK  [0m] Reached target Sockets.
[[0;32m  OK  [0m] Reached target Basic System.
|.   * B .        |[[0;32m  OK  [0m] Started Regular background program processing daemon.
         Starting Virtualbox guest utils...
         Starting System Logging Service...
[[0;32m  OK  [0m] Started D-Bus System Message Bus.

[   11.667323] cloud-init[960]: | . + o .         |
[   11.669244] cloud-init[960]: |  . o            |
[   11.674397] cloud-init[960]: |   ...           |
[   11.676653] cloud-init[960]: +----[SHA256]-----+
[   11.679727] cloud-init[960]: Generating public/private dsa key pair.
[   11.682045] cloud-init[960]: Your identification has been saved in /etc/ssh/ssh_host_dsa_key.
[   11.684710] cloud-init[960]: Your public key has been saved in /etc/ssh/ssh_host_dsa_key.pub.
[   11.686552] cloud-init[960]: The key fingerprint is:
[   11.689022] cloud-init[960]: SHA256:bJ39jP4mpMy+SdxQZVpKNOtj2NYOOFoJRZ8dGiPSOzY root@ubuntu-xenial
[   11.690671] cloud-init[960]: The key's randomart image is:
[   11.692153] cloud-init[960]: +---[DSA 1024]----+
[   11.693887] cloud-init[960]: |        .o+.* =  |
[   11.696969] cloud-init[960]: |         o.+ # . |
[   11.698171] cloud-init[960]: |        .  .O .  |
[   11.699404] cloud-init[960]: |       . oEX .   |
[   11.700854] cloud-init[960]: |        S.XoO .  |
[   11.703200] cloud-init[960]: |       . + *.B   |
[   11.705389] cloud-init[960]: |        .oooo +  |
[   11.708655] cloud-init[960]: |         .+o. .  |
[   11.712004] cloud-init[960]: |         .+..+.  |
[   11.720596] cloud-init[960]: +----[SHA256]-----+
[   11.721686] cloud-init[960]: Generating public/private ecdsa key pair.
[   11.723347] cloud-init[960]: Your identification has been saved in /etc/ssh/ssh_host_ecdsa_key.[
[0;32m  OK  [0m] Started Deferred execution scheduler.
[   11.725915] cloud-init[960]: Your public key has been saved in /etc/ssh/ssh_host_ecdsa_key.pub.         Starting LSB: Record successful boot for GRUB...
         Starting Accounts Service...
[[0;32m  OK  [0m] Started FUSE filesystem for LXC.

         Starting Pollinate to seed the pseudo random number generator...
[   11.757069] cloud-init         Starting Login Service...
         Starting LSB: MD monitoring daemon...
[960]: The key fingerprint is:[[0;32m  OK  [0m] Started ACPI event daemon.

         Starting LXD - container startup/shutdown...
[   11.771114]          Starting /etc/rc.local Compatibility...
cloud-init[960]: SHA256:XS5QBVz7RCSivg/CtAMq0PLKHEIqUDImtEs2I3AneS8 root@ubuntu-xenial
[   11.775255] cloud-init[960]: The key's randomart image is:
         Starting Snappy daemon...
[   11.777768] cloud-init[960]: +---[ECDSA 256]---+
[   11.787071] [[0;32m  OK  [0m] Started System Logging Service.
cloud-init[960]: |..o..    .+++.o  |
[[0;32m  OK  [0m] Started /etc/rc.local Compatibility.
[   11.790871] cloud-init[960]: |o.oo.    o.. +   |
[[0;32m  OK  [0m] Started iSCSI initiator daemon (iscsid).
[   11.803923] cloud-init[960]: |=B.. .  o   o .  |
[   11.814763]          Starting Login to default iSCSI targets...
cloud-init[960]: |*=+ E .. o o o   |
[[0;32m  OK  [0m] Started Login Service.
[   11.848601] cloud-init[960]: |+o. ... S o . .  |
[   11.851770] cloud-init[960]: |=o . + . . .     |
[[0;32m  OK  [0m] Started Unattended Upgrades Shutdown.
[   11.883836] cloud-init[960]: |=.o   = o        |
[   11.914510] cloud-init[960]: |=o.    o o       |
[   11.941580] cloud-init[960]: |.o        .      |
[   11.943262] cloud-init[960]: +----[SHA256]-----+
[   11.947898] cloud-init[960]: Generating public/private ed25519 key pair.
[[0;32m  OK  [0m] Started LSB: MD monitoring daemon.
[   11.976170] cloud-init[960]: Your identification has been saved in /etc/ssh/ssh_host_ed25519_key.
         Starting Authenticate and Authorize Users to Run Privileged Tasks...
[   12.032633] cloud-init[960]: Your public key has been saved in /etc/ssh/ssh_host_ed25519_key.pub.
[   12.043647] cloud-init[960]: The key fingerprint is:
[[0;32m  OK  [0m] Started Login to default iSCSI targets.
[[0;32m  OK  [0m] Reached target Remote File Systems (Pre).
[[0;32m  OK  [0m] Reached target Remote File Systems.
[   12.113484] cloud-init[960]: SHA256:LTJfGxjVSEvG3KxLiXCRkXOaMNuzebXz9Cmzz0yEiT4 root@ubuntu-xenial
[   12.150535] cloud-init[960]: The key's randomart image is:
[   12.152017] cloud-init[960]: +--[ED25519 256]--+
         Starting LSB: Set the CPU Frequency Scaling governor to "ondemand"...
         Starting Permit User Sessions...
         Starting LSB: automatic crash report generation...
[   12.185652] cloud-init[960]: |        oO==     |
[   12.196318] cloud-init[960]: |      + =+=.+    |
         Starting LSB: daemon to balance interrupts for SMP systems...
[[0;32m  OK  [0m] Started LSB: Record successful boot for GRUB.
[[0;32m  OK  [0m] Started Permit User Sessions.
[   12.204426] cloud-init[960]: |       B.*.o     |
[   12.243177] cloud-init[960]: |      . *++ o o  |
[   12.245491] cloud-init[960]: |      o S=++ + . |
[   12.247689] cloud-init[960]: |       +oo+oo o  |
         Starting Hold until boot process finishes up...
         Starting Terminate Plymouth Boot Screen...
[   12.254446] cloud-init[960]: |        ...E + o.|
[   12.260274] cloud-init[960]: |            .o=..|
[[0;32m  OK  [0m] Started Hold until boot process finishes up.
[[0;32m  OK  [0m] Started Terminate Plymouth Boot Screen.
[[0;32m  OK  [0m] Started Authenticate and Authorize Users to Run Privileged Tasks.
[[0;32m  OK  [0m] Started Accounts Service.
[   12.293668] cloud-init[960]: |             .=+ |
[   12.303541] cloud-init[960]: +----[SHA256]-----+
[[0;32m  OK  [0m] Started Serial Getty on ttyS0.
         Starting Set console scheme...
[[0;32m  OK  [0m] Started Getty on tty1.
[[0;32m  OK  [0m] Reached target Login Prompts.
[[0;32m  OK  [0m] Started LSB: Set the CPU Frequency Scaling governor to "ondemand".
[[0;32m  OK  [0m] Started LSB: automatic crash report generation.
[[0;32m  OK  [0m] Started LSB: daemon to balance interrupts for SMP systems.
[[0;32m  OK  [0m] Started Set console scheme.
[[0;32m  OK  [0m] Started Virtualbox guest utils.
[[0;32m  OK  [0m] Started LXD - container startup/shutdown.
[[0;32m  OK  [0m] Started Snappy daemon.
         Starting Wait until snapd is fully seeded...
[[0;32m  OK  [0m] Started Pollinate to seed the pseudo random number generator.
         Starting OpenBSD Secure Shell server...
[[0;32m  OK  [0m] Started OpenBSD Secure Shell server.
[[0;32m  OK  [0m] Created slice User Slice of vagrant.
         Starting User Manager for UID 1000...
[[0;32m  OK  [0m] Started Session 1 of user vagrant.
[[0;32m  OK  [0m] Started User Manager for UID 1000.
[[0;32m  OK  [0m] Started Wait until snapd is fully seeded.
         Starting Apply the settings specified in cloud-config...
[[0;32m  OK  [0m] Reached target Multi-User System.
[[0;32m  OK  [0m] Reached target Graphical Interface.
         Starting Update UTMP about System Runlevel Changes...
[[0;32m  OK  [0m] Started Update UTMP about System Runlevel Changes.
[   16.251681] cloud-init[1385]: Generating locales (this might take a while)...

Ubuntu 16.04.6 LTS ubuntu-xenial ttyS0

ubuntu-xenial login: [   18.855978] cloud-init[1385]:   en_US.UTF-8... done
[   18.856531] cloud-init[1385]: Generation complete.
[   19.383828] cloud-init[1385]: Cloud-init v. 19.4-33-gbb4131a2-0ubuntu1~16.04.1 running 'modules:config' at Thu, 18 Jun 2020 06:48:40 +0000. Up 15.91 seconds.
ci-info: no authorized SSH keys fingerprints found for user ubuntu.
<14>Jun 18 06:48:44 ec2: 
<14>Jun 18 06:48:44 ec2: #############################################################
<14>Jun 18 06:48:44 ec2: -----BEGIN SSH HOST KEY FINGERPRINTS-----
<14>Jun 18 06:48:44 ec2: 1024 SHA256:bJ39jP4mpMy+SdxQZVpKNOtj2NYOOFoJRZ8dGiPSOzY root@ubuntu-xenial (DSA)
<14>Jun 18 06:48:44 ec2: 256 SHA256:XS5QBVz7RCSivg/CtAMq0PLKHEIqUDImtEs2I3AneS8 root@ubuntu-xenial (ECDSA)
<14>Jun 18 06:48:44 ec2: 256 SHA256:LTJfGxjVSEvG3KxLiXCRkXOaMNuzebXz9Cmzz0yEiT4 root@ubuntu-xenial (ED25519)
<14>Jun 18 06:48:44 ec2: 2048 SHA256:lBKU/abCSNxOanSudAFdIlrfsBQmwEkMMhtkO+7/UJM root@ubuntu-xenial (RSA)
<14>Jun 18 06:48:44 ec2: -----END SSH HOST KEY FINGERPRINTS-----
<14>Jun 18 06:48:44 ec2: #############################################################
-----BEGIN SSH HOST KEY KEYS-----
ecdsa-sha2-nistp256 AAAAE2VjZHNhLXNoYTItbmlzdHAyNTYAAAAIbmlzdHAyNTYAAABBBMYSN6UL/FbHfirvJKTqo5CbGF/Fnnxn2CZVHFqzoefuA28n+2AxTN7FcULguz7LGnpniZ0Brc/7dgFf896gIaQ= root@ubuntu-xenial
ssh-ed25519 AAAAC3NzaC1lZDI1NTE5AAAAIE3xAwGiJYJO5BYqOwdlv/z9fDNkEIBRe5z8d5+4nifu root@ubuntu-xenial
ssh-rsa AAAAB3NzaC1yc2EAAAADAQABAAABAQDgbpCRKaofRoRLwCkwvM9jPZMoJLXdDft7HZhxRzsuOLrU1f3/RWeM1722nxzpo8po8PpeaN4JrRrCk9fglcmboxv1Bxjwu9KHlwvZYqZsHFEdw6KItO1cFpHvIEfvOwugAY2yvD6dE/SLje1UQaIz9tcLPq5ErmMVYIuKjmKwDd77GICLnryzZE0lTXfBnmKO6Ct9ithSg/OxMg5WhpgI/TGRNwSzlKpwIaLXuSrce9L8oLlA4JdnEt6nEfXwdi802Qzdt8j/H+GsGoseII7BPbvI/fmOMQY/YJR5nHsDOqU3QHBAZJ7wsp2hJKsNZXKgk7b9v2+7dzMwKMfnIXqh root@ubuntu-xenial
-----END SSH HOST KEY KEYS-----
[   20.255805] cloud-init[1562]: Cloud-init v. 19.4-33-gbb4131a2-0ubuntu1~16.04.1 running 'modules:final' at Thu, 18 Jun 2020 06:48:44 +0000. Up 20.00 seconds.
[   20.258831] cloud-init[1562]: ci-info: no authorized SSH keys fingerprints found for user ubuntu.
[   20.261732] cloud-init[1562]: Cloud-init v. 19.4-33-gbb4131a2-0ubuntu1~16.04.1 finished at Thu, 18 Jun 2020 06:48:44 +0000. Datasource DataSourceNoCloud [seed=/dev/sdb][dsmode=net].  Up 20.23 seconds
